***Starting server on port 50921 ***
Loading net-file from 'D:\python_install\py\rl\0325\0325\osm.net.xml' ... done (22ms).
Loading additional-files from 'D:\python_install\py\rl\0325\0325\outputs\stage4d_mainline_coarse\main1900_ramp0\none_seed1\runtime_osm_control.add.xml' ... done (5ms).
Loading route-files incrementally from 'D:\python_install\py\rl\0325\0325\outputs\stage4d_mainline_coarse\routes\main1900_ramp0.rou.xml'
Loading done.
Simulation version 1.25.0 started with time: 0.00.
Simulation ended at time: 4161.00.
Reason: TraCI requested termination.
Performance:
 Duration: 6.98s
 TraCI-Duration: 2.98s
 Real time factor: 595.79
 UPS: 128856.815578
Vehicles:
 Inserted: 1900
 Running: 0
 Waiting: 0
Statistics (avg of 1900):
 RouteLength: 7318.73
 Speed: 15.71
 Duration: 473.65
 WaitingTime: 0.00
 TimeLoss: 199.66
 DepartDelay: 0.47
DijkstraRouter answered 1900 queries and explored 12.00 edges on average.
DijkstraRouter spent 0.00s answering queries (0.00ms on average).
