***Starting server on port 55009 ***
Loading net-file from 'D:\python_install\py\rl\0325\0325\osm.net.xml' ... done (9ms).
Loading additional-files from 'D:\python_install\py\rl\0325\0325\outputs\stage4d_mainline_multiseed\main1975_ramp0\none_seed1\runtime_osm_control.add.xml' ... done (2ms).
Loading route-files incrementally from 'D:\python_install\py\rl\0325\0325\outputs\stage4d_mainline_multiseed\routes\main1975_ramp0.rou.xml'
Loading done.
Simulation version 1.25.0 started with time: 0.00.
Simulation ended at time: 4313.00.
Reason: TraCI requested termination.
Performance:
 Duration: 9.30s
 TraCI-Duration: 3.90s
 Real time factor: 463.763
 UPS: 115875.591398
Vehicles:
 Inserted: 1975
 Running: 0
 Waiting: 0
Statistics (avg of 1975):
 RouteLength: 7318.73
 Speed: 13.91
 Duration: 545.64
 WaitingTime: 0.27
 TimeLoss: 271.28
 DepartDelay: 0.49
DijkstraRouter answered 1975 queries and explored 12.00 edges on average.
DijkstraRouter spent 0.01s answering queries (0.00ms on average).
