***Starting server on port 57766 ***
Loading net-file from 'D:\python_install\py\rl\0325\0325\osm.net.xml' ... done (8ms).
Loading additional-files from 'D:\python_install\py\rl\0325\0325\outputs\stage4d_mainline_coarse\main1600_ramp0\none_seed1\runtime_osm_control.add.xml' ... done (2ms).
Loading route-files incrementally from 'D:\python_install\py\rl\0325\0325\outputs\stage4d_mainline_coarse\routes\main1600_ramp0.rou.xml'
Loading done.
Simulation version 1.25.0 started with time: 0.00.
Simulation ended at time: 3955.00.
Reason: TraCI requested termination.
Performance:
 Duration: 5.87s
 TraCI-Duration: 2.98s
 Real time factor: 673.65
 UPS: 103450.519503
Vehicles:
 Inserted: 1600
 Running: 0
 Waiting: 0
Statistics (avg of 1600):
 RouteLength: 7318.73
 Speed: 19.48
 Duration: 379.60
 WaitingTime: 0.00
 TimeLoss: 105.92
 DepartDelay: 0.38
DijkstraRouter answered 1600 queries and explored 12.00 edges on average.
DijkstraRouter spent 0.00s answering queries (0.00ms on average).
