***Starting server on port 57368 ***
Loading net-file from 'D:\python_install\py\rl\0325\0325\osm.net.xml' ... done (16ms).
Loading additional-files from 'D:\python_install\py\rl\0325\0325\outputs\stage4d_mainline_multiseed\main1975_ramp0\none_seed3\runtime_osm_control.add.xml' ... done (4ms).
Loading route-files incrementally from 'D:\python_install\py\rl\0325\0325\outputs\stage4d_mainline_multiseed\routes\main1975_ramp0.rou.xml'
Loading done.
Simulation version 1.25.0 started with time: 0.00.
Simulation ended at time: 4296.00.
Reason: TraCI requested termination.
Performance:
 Duration: 9.17s
 TraCI-Duration: 3.77s
 Real time factor: 468.433
 UPS: 115055.391997
Vehicles:
 Inserted: 1975
 Running: 0
 Waiting: 0
Statistics (avg of 1975):
 RouteLength: 7318.73
 Speed: 14.14
 Duration: 534.26
 WaitingTime: 0.00
 TimeLoss: 260.44
 DepartDelay: 0.49
DijkstraRouter answered 1975 queries and explored 12.00 edges on average.
DijkstraRouter spent 0.00s answering queries (0.00ms on average).
