***Starting server on port 54628 ***
Loading net-file from 'D:\python_install\py\rl\0325\0325\osm.net.xml' ... done (9ms).
Loading additional-files from 'D:\python_install\py\rl\0325\0325\outputs\mixed_demand_screen\main1200_ramp60\none_seed1\runtime_osm_control.add.xml' ... done (2ms).
Loading route-files incrementally from 'D:\python_install\py\rl\0325\0325\outputs\mixed_demand_screen\routes\main1200_ramp60.rou.xml'
Loading done.
Simulation version 1.25.0 started with time: 0.00.
Simulation ended at time: 4082.00.
Reason: TraCI requested termination.
Performance:
 Duration: 5.53s
 TraCI-Duration: 3.07s
 Real time factor: 738.423
 UPS: 85971.418234
Vehicles:
 Inserted: 1260
 Running: 0
 Waiting: 0
Statistics (avg of 1260):
 RouteLength: 7200.89
 Speed: 21.42
 Duration: 377.18
 WaitingTime: 41.14
 TimeLoss: 104.09
 DepartDelay: 0.00
DijkstraRouter answered 1260 queries and explored 11.81 edges on average.
DijkstraRouter spent 0.01s answering queries (0.01ms on average).
