***Starting server on port 58338 ***
Loading net-file from 'D:\python_install\py\rl\0325\0325\osm.net.xml' ... done (19ms).
Loading additional-files from 'D:\python_install\py\rl\0325\0325\outputs\stage4d_mainline_coarse\main1850_ramp0\none_seed1\runtime_osm_control.add.xml' ... done (4ms).
Loading route-files incrementally from 'D:\python_install\py\rl\0325\0325\outputs\stage4d_mainline_coarse\routes\main1850_ramp0.rou.xml'
Loading done.
Simulation version 1.25.0 started with time: 0.00.
Simulation ended at time: 4077.00.
Reason: TraCI requested termination.
Performance:
 Duration: 6.59s
 TraCI-Duration: 2.99s
 Real time factor: 618.383
 UPS: 121598.210223
Vehicles:
 Inserted: 1850
 Running: 0
 Waiting: 0
Statistics (avg of 1850):
 RouteLength: 7318.73
 Speed: 17.09
 Duration: 433.35
 WaitingTime: 0.00
 TimeLoss: 159.54
 DepartDelay: 0.49
DijkstraRouter answered 1850 queries and explored 12.00 edges on average.
DijkstraRouter spent 0.01s answering queries (0.00ms on average).
