***Starting server on port 55038 ***
Loading net-file from 'D:\python_install\py\rl\0325\0325\osm.net.xml' ... done (32ms).
Loading additional-files from 'D:\python_install\py\rl\0325\0325\outputs\stage4d_mainline_multiseed\main1975_ramp0\none_seed2\runtime_osm_control.add.xml' ... done (54ms).
Loading route-files incrementally from 'D:\python_install\py\rl\0325\0325\outputs\stage4d_mainline_multiseed\routes\main1975_ramp0.rou.xml'
Loading done.
Simulation version 1.25.0 started with time: 0.00.
Simulation ended at time: 4335.00.
Reason: TraCI requested termination.
Performance:
 Duration: 8.84s
 TraCI-Duration: 3.50s
 Real time factor: 490.607
 UPS: 126830.466274
Vehicles:
 Inserted: 1975
 Running: 0
 Waiting: 0
Statistics (avg of 1975):
 RouteLength: 7318.73
 Speed: 13.34
 Duration: 567.43
 WaitingTime: 0.00
 TimeLoss: 291.37
 DepartDelay: 0.49
DijkstraRouter answered 1975 queries and explored 12.00 edges on average.
DijkstraRouter spent 0.02s answering queries (0.01ms on average).
