***Starting server on port 57794 ***
Loading net-file from 'D:\python_install\py\rl\0325\0325\osm.net.xml' ... done (11ms).
Loading additional-files from 'D:\python_install\py\rl\0325\0325\outputs\stage4d_mainline_coarse\main1750_ramp0\none_seed1\runtime_osm_control.add.xml' ... done (2ms).
Loading route-files incrementally from 'D:\python_install\py\rl\0325\0325\outputs\stage4d_mainline_coarse\routes\main1750_ramp0.rou.xml'
Loading done.
Simulation version 1.25.0 started with time: 0.00.
Simulation ended at time: 3995.00.
Reason: TraCI requested termination.
Performance:
 Duration: 5.90s
 TraCI-Duration: 2.88s
 Real time factor: 676.66
 UPS: 117616.869919
Vehicles:
 Inserted: 1750
 Running: 0
 Waiting: 0
Statistics (avg of 1750):
 RouteLength: 7318.73
 Speed: 18.69
 Duration: 396.81
 WaitingTime: 0.06
 TimeLoss: 122.67
 DepartDelay: 0.48
DijkstraRouter answered 1750 queries and explored 12.00 edges on average.
DijkstraRouter spent 0.00s answering queries (0.00ms on average).
