***Starting server on port 62491 ***
Loading net-file from 'D:\python_install\py\rl\0325\0325\osm.net.xml' ... done (11ms).
Loading additional-files from 'D:\python_install\py\rl\0325\0325\outputs\stage4d_mainline_multiseed\main1975_ramp0\none_seed5\runtime_osm_control.add.xml' ... done (2ms).
Loading route-files incrementally from 'D:\python_install\py\rl\0325\0325\outputs\stage4d_mainline_multiseed\routes\main1975_ramp0.rou.xml'
Loading done.
Simulation version 1.25.0 started with time: 0.00.
Simulation ended at time: 4304.00.
Reason: TraCI requested termination.
Performance:
 Duration: 8.66s
 TraCI-Duration: 3.57s
 Real time factor: 497.055
 UPS: 124493.359510
Vehicles:
 Inserted: 1975
 Running: 0
 Waiting: 0
Statistics (avg of 1975):
 RouteLength: 7318.73
 Speed: 13.87
 Duration: 545.82
 WaitingTime: 0.00
 TimeLoss: 271.96
 DepartDelay: 0.49
DijkstraRouter answered 1975 queries and explored 12.00 edges on average.
DijkstraRouter spent 0.01s answering queries (0.00ms on average).
