***Starting server on port 52223 ***
Loading net-file from 'D:\python_install\py\rl\0325\0325\osm.net.xml' ... done (73ms).
Loading additional-files from 'D:\python_install\py\rl\0325\0325\outputs\stage4b_smoke\main600_ramp60_alinea_seed1\runtime_osm_control.add.xml' ... done (3ms).
Loading route-files incrementally from 'D:\python_install\py\rl\0325\0325\demand_delivery\fixed\600+60.rou.xml'
Loading done.
Simulation version 1.25.0 started with time: 0.00.
Simulation ended at time: 600.00.
Reason: TraCI requested termination.
Performance:
 Duration: 0.48s
 TraCI-Duration: 0.32s
 Real time factor: 1244.81
 UPS: 55317.427386
Vehicles:
 Inserted: 110 (Loaded: 115)
 Running: 57
 Waiting: 0
Statistics (avg of 53):
 RouteLength: 7085.27
 Speed: 21.80
 Duration: 327.72
 WaitingTime: 2.21
 TimeLoss: 56.33
 DepartDelay: 0.00
DijkstraRouter answered 110 queries and explored 11.64 edges on average.
DijkstraRouter spent 0.00s answering queries (0.00ms on average).
