***Starting server on port 63251 ***
Loading net-file from 'D:\python_install\py\rl\0325\0325\osm.net.xml' ... done (9ms).
Loading additional-files from 'D:\python_install\py\rl\0325\0325\outputs\stage4d_mainline_multiseed\main1900_ramp0\none_seed5\runtime_osm_control.add.xml' ... done (2ms).
Loading route-files incrementally from 'D:\python_install\py\rl\0325\0325\outputs\stage4d_mainline_multiseed\routes\main1900_ramp0.rou.xml'
Loading done.
Simulation version 1.25.0 started with time: 0.00.
Simulation ended at time: 4157.00.
Reason: TraCI requested termination.
Performance:
 Duration: 7.46s
 TraCI-Duration: 3.30s
 Real time factor: 557.089
 UPS: 121325.917984
Vehicles:
 Inserted: 1900
 Running: 0
 Waiting: 0
Statistics (avg of 1900):
 RouteLength: 7318.73
 Speed: 15.59
 Duration: 476.49
 WaitingTime: 0.00
 TimeLoss: 202.69
 DepartDelay: 0.47
DijkstraRouter answered 1900 queries and explored 12.00 edges on average.
DijkstraRouter spent 0.01s answering queries (0.00ms on average).
