***Starting server on port 49672 ***
Loading net-file from 'D:\python_install\py\rl\0325\0325\osm.net.xml' ... done (11ms).
Loading additional-files from 'D:\python_install\py\rl\0325\0325\outputs\stage4d_mainline_multiseed\main2000_ramp0\none_seed4\runtime_osm_control.add.xml' ... done (2ms).
Loading route-files incrementally from 'D:\python_install\py\rl\0325\0325\outputs\stage4d_mainline_multiseed\routes\main2000_ramp0.rou.xml'
Loading done.
Simulation version 1.25.0 started with time: 0.00.
Simulation ended at time: 4331.00.
Reason: TraCI requested termination.
Performance:
 Duration: 9.41s
 TraCI-Duration: 3.85s
 Real time factor: 460.255
 UPS: 116474.176408
Vehicles:
 Inserted: 2000
 Running: 0
 Waiting: 0
Statistics (avg of 2000):
 RouteLength: 7318.73
 Speed: 13.96
 Duration: 548.01
 WaitingTime: 0.00
 TimeLoss: 274.59
 DepartDelay: 0.40
DijkstraRouter answered 2000 queries and explored 12.00 edges on average.
DijkstraRouter spent 0.00s answering queries (0.00ms on average).
