***Starting server on port 54674 ***
Loading net-file from 'D:\python_install\py\rl\0325\0325\osm.net.xml' ... done (17ms).
Loading additional-files from 'D:\python_install\py\rl\0325\0325\outputs\mixed_demand_screen\main1925_ramp30\none_seed1\runtime_osm_control.add.xml' ... done (5ms).
Loading route-files incrementally from 'D:\python_install\py\rl\0325\0325\outputs\mixed_demand_screen\routes\main1925_ramp30.rou.xml'
Loading done.
Simulation version 1.25.0 started with time: 0.00.
Simulation ended at time: 4267.00.
Reason: TraCI requested termination.
Performance:
 Duration: 8.24s
 TraCI-Duration: 3.44s
 Real time factor: 517.714
 UPS: 123088.692065
Vehicles:
 Inserted: 1955
 Running: 0
 Waiting: 0
Statistics (avg of 1955):
 RouteLength: 7280.76
 Speed: 14.91
 Duration: 518.92
 WaitingTime: 18.95
 TimeLoss: 244.94
 DepartDelay: 0.48
DijkstraRouter answered 1955 queries and explored 11.94 edges on average.
DijkstraRouter spent 0.01s answering queries (0.00ms on average).
